No exceptions found
could not get scoreboard symbols
Pool 0xbf49ee78 (3ef22320)
Malloc pool size=11M (pool=0x3f49ee78-0x3ff7ff2c)
0x3f49eea0 = malloc(128K) [call from 0x3ee24cca]
0x3f4beec0 = malloc(56)   [call from 0x3edcb354]
0x3f4bf000 = malloc(138K) [call from 0x3ec972f0]
0x3f4e2840 = malloc(512)  [v3d_gfxh16_thre]
0x3f4e2a60 = malloc(7.3K) [dma_transfer_xfers]
0x3f4e4780 = malloc(10K)  [Gencmd service state]
0x3f4e6fc0 = malloc(180)  [vcos_cmd_entries]
0x3f4e70a0 = malloc(4.0K) [reaper]
0x3f4e80c0 = malloc(8.0K) [call from 0x3eeb3168]
0x3f4ea0e0 = malloc(100)  [call from 0x3eeb3184]
0x3f4ea180 = malloc(3.3K) [call from 0x3ec8675e]
0x3f4eaf00 = malloc(32K)  [call from 0x3ed034ee]
0x3f4f2f20 = malloc(512)  [call from 0x3ed824ea]
0x3f4f3140 = malloc(3.3K) [call from 0x3ec8675e]
0x3f4f3ec0 = malloc(3.3K) [call from 0x3ec8675e]
0x3f4f4c40 = malloc(272)  [call from 0x3ed036ce]
0x3f4f4d80 = malloc(272)  [call from 0x3ed036ce]
0x3f4f4ec0 = malloc(272)  [call from 0x3ed036ce]
0x3f4f5000 = malloc(272)  [call from 0x3ed036ce]
0x3f4f5140 = malloc(272)  [call from 0x3ed036ce]
0x3f4f5280 = malloc(272)  [call from 0x3ed036ce]
0x3f4f53c0 = malloc(272)  [call from 0x3ed036ce]
0x3f4f5500 = malloc(272)  [call from 0x3ed036ce]
0x3f4f5640 = malloc(272)  [call from 0x3ed036ce]
0x3f4f5780 = malloc(272)  [call from 0x3ed036ce]
0x3f4f58c0 = malloc(272)  [call from 0x3ed036ce]
0x3f4f5a00 = malloc(272)  [call from 0x3ed036ce]
0x3f4f5b40 = malloc(272)  [call from 0x3ed036ce]
0x3f4f5c80 = malloc(272)  [call from 0x3ed036ce]
0x3f4f5dc0 = malloc(272)  [call from 0x3ed036ce]
0x3f4f5f00 = malloc(272)  [call from 0x3ed036ce]
0x3f4f6040 = malloc(272)  [call from 0x3ed036ce]
0x3f4f6180 = malloc(272)  [call from 0x3ed036ce]
0x3f4f62c0 = malloc(272)  [call from 0x3ed036ce]
0x3f4f6400 = malloc(272)  [call from 0x3ed036ce]
0x3f4f6540 = malloc(272)  [call from 0x3ed036ce]
0x3f4f6680 = malloc(272)  [call from 0x3ed036ce]
0x3f4f67c0 = malloc(272)  [call from 0x3ed036ce]
0x3f4f6900 = malloc(272)  [call from 0x3ed036ce]
0x3f4f6a40 = malloc(272)  [call from 0x3ed036ce]
0x3f4f6b80 = malloc(272)  [call from 0x3ed036ce]
0x3f4f6cc0 = malloc(272)  [call from 0x3ed036ce]
0x3f4f6e00 = malloc(272)  [call from 0x3ed036ce]
0x3f4f6f40 = malloc(272)  [call from 0x3ed036ce]
0x3f4f7080 = malloc(272)  [call from 0x3ed036ce]
0x3f4f71c0 = malloc(272)  [call from 0x3ed036ce]
0x3f4f7300 = malloc(272)  [call from 0x3ed036ce]
0x3f4f7440 = malloc(272)  [call from 0x3ed036ce]
0x3f4f7580 = malloc(272)  [call from 0x3ed036ce]
0x3f4f76c0 = malloc(272)  [call from 0x3ed036ce]
0x3f4f7800 = malloc(272)  [call from 0x3ed036ce]
0x3f4f7940 = malloc(272)  [call from 0x3ed036ce]
0x3f4f7a80 = malloc(272)  [call from 0x3ed036ce]
0x3f4f7bc0 = malloc(272)  [call from 0x3ed036ce]
0x3f4f7d00 = malloc(272)  [call from 0x3ed036ce]
0x3f4f7e40 = malloc(272)  [call from 0x3ed036ce]
0x3f4f7f80 = malloc(272)  [call from 0x3ed036ce]
0x3f4f80c0 = malloc(272)  [call from 0x3ed036ce]
0x3f4f8200 = malloc(272)  [call from 0x3ed036ce]
0x3f4f8340 = malloc(272)  [call from 0x3ed036ce]
0x3f4f8480 = malloc(272)  [call from 0x3ed036ce]
0x3f4f85c0 = malloc(272)  [call from 0x3ed036ce]
0x3f4f8700 = malloc(272)  [call from 0x3ed036ce]
0x3f4f8840 = malloc(272)  [call from 0x3ed036ce]
0x3f4f8980 = malloc(272)  [call from 0x3ed036ce]
0x3f4f8ac0 = malloc(512)  [call from 0x3ec5f9b4]
0x3f4f8ce0 = malloc(16K)  [call from 0x3ec5f9e6]
0x3f4fcd00 = malloc(4.0K) [call from 0x3ec5fa42]
0x3f4fdd20 = malloc(60)   [GPIOMAN_DEFINE_T]
0x3f4fdd80 = malloc(60)   [GPIOMAN_DEFINE_T]
0x3f4fdde0 = malloc(60)   [GPIOMAN_DEFINE_T]
0x3f4fde40 = malloc(60)   [GPIOMAN_DEFINE_T]
0x3f4fdea0 = malloc(60)   [GPIOMAN_DEFINE_T]
0x3f4fdf00 = malloc(60)   [GPIOMAN_DEFINE_T]
0x3f4fdf60 = malloc(60)   [GPIOMAN_DEFINE_T]
0x3f4fdfc0 = malloc(60)   [GPIOMAN_DEFINE_T]
0x3f4fe020 = malloc(60)   [GPIOMAN_DEFINE_T]
0x3f4fe080 = malloc(60)   [GPIOMAN_DEFINE_T]
0x3f4fe0e0 = malloc(60)   [GPIOMAN_DEFINE_T]
0x3f4fe140 = malloc(60)   [GPIOMAN_DEFINE_T]
0x3f4fe1a0 = malloc(60)   [GPIOMAN_DEFINE_T]
0x3f4fe200 = malloc(60)   [GPIOMAN_DEFINE_T]
0x3f4fe260 = malloc(60)   [GPIOMAN_DEFINE_T]
0x3f4fe2c0 = malloc(60)   [GPIOMAN_DEFINE_T]
0x3f4fe320 = malloc(60)   [GPIOMAN_DEFINE_T]
0x3f4fe380 = malloc(60)   [GPIOMAN_DEFINE_T]
0x3f4fe3e0 = malloc(60)   [GPIOMAN_DEFINE_T]
0x3f4fe440 = malloc(60)   [GPIOMAN_DEFINE_T]
0x3f4fe4a0 = malloc(60)   [GPIOMAN_DEFINE_T]
0x3f4fe500 = malloc(60)   [GPIOMAN_DEFINE_T]
0x3f4fe560 = malloc(60)   [GPIOMAN_DEFINE_T]
0x3f4fe5c0 = malloc(60)   [GPIOMAN_DEFINE_T]
0x3f4fe620 = malloc(60)   [GPIOMAN_DEFINE_T]
0x3f4fe680 = malloc(60)   [GPIOMAN_DEFINE_T]
0x3f4fe6e0 = malloc(60)   [GPIOMAN_DEFINE_T]
0x3f4fe740 = malloc(60)   [GPIOMAN_DEFINE_T]
0x3f4fe7a0 = malloc(60)   [GPIOMAN_DEFINE_T]
0x3f4fe800 = malloc(60)   [GPIOMAN_DEFINE_T]
0x3f4fe860 = malloc(60)   [GPIOMAN_DEFINE_T]
0x3f4fe8c0 = malloc(60)   [GPIOMAN_DEFINE_T]
0x3f4fe920 = malloc(60)   [GPIOMAN_DEFINE_T]
0x3f4fe980 = malloc(4.0K) [call from 0x3ed5e4da]
0x3f4ff9a0 = malloc(4.0K) [call from 0x3ed5e510]
0x3f5009c0 = malloc(8)    [call from 0x3ec85992]
0x3f500a00 = malloc(4.0K) [powerman]
0x3f501a20 = malloc(3.1K) [call from 0x3ecd5fce]
0x3f502680 = malloc(356K) [call from 0x3ecd600a]
0x3f55b6a0 = malloc(356K) [call from 0x3ecd6044]
0x3f5b46c0 = malloc(115K) [call from 0x3ecd6086]
0x3f5d1480 = malloc(1.1K) [call from 0x3ee6da26]
0x3f5d1900 = malloc(16K)  [call from 0x3ec7962a]
0x3f5d5920 = malloc(32)   [GPU queue]
0x3f5d5960 = malloc(24)   [call from 0x3ececbb8]
0x3f5d59a0 = malloc(56)   [imageconv stats]
0x3f5d5a00 = malloc(36)   [vchiq_shim]
0x3f5d5a60 = malloc(256)  [vchiu_queue_init]
0x3f5d5b80 = malloc(476)  [VCHIQ service]
0x3f5d5d80 = malloc(36)   [vchiq_shim]
0x3f5d5de0 = malloc(256)  [vchiu_queue_init]
0x3f5d5f00 = malloc(476)  [VCHIQ service]
0x3f5d6100 = malloc(36)   [vchiq_shim]
0x3f5d6160 = malloc(256)  [vchiu_queue_init]
0x3f5d6280 = malloc(476)  [VCHIQ service]
0x3f5d6480 = malloc(36)   [vchiq_shim]
0x3f5d64e0 = malloc(256)  [vchiu_queue_init]
0x3f5d6600 = malloc(476)  [VCHIQ service]
0x3f5d6800 = malloc(36)   [vchiq_shim]
0x3f5d6860 = malloc(256)  [vchiu_queue_init]
0x3f5d6980 = malloc(1.5K) [call from 0x3ecece48]
0x3f5d6fa0 = malloc(16K)  [mbox_read]
0x3f5dafc0 = malloc(4.0K) [display_update]
0x3f5dbfe0 = malloc(4.0K) [temp_check]
0x3f5dd000 = malloc(16K)  [vchiq dma_xfer]
0x3f5e10c0 = malloc(16K)  [vchiq dma_xfer]
0x3f5e5180 = malloc(16K)  [vchiq dma_xfer]
0x3f5e9240 = malloc(16K)  [vchiq dma_xfer]
0x3f5ed300 = malloc(8.0K) [VCHIQ-0]
0x3f5ef320 = malloc(8.0K) [VCHIQr-0]
0x3f5f1340 = malloc(8.0K) [VCHIQs-0]
0x3f5f3360 = malloc(476)  [VCHIQ service]
0x3f5f3560 = malloc(36)   [vchiq_shim]
0x3f5f35c0 = malloc(256)  [vchiu_queue_init]
0x3f5f36e0 = malloc(476)  [VCHIQ service]
0x3f5f38e0 = malloc(36)   [vchiq_shim]
0x3f5f3940 = malloc(256)  [vchiu_queue_init]
0x3f5f3a60 = malloc(476)  [VCHIQ service]
0x3f5f3c60 = malloc(36)   [vchiq_shim]
0x3f5f3cc0 = malloc(256)  [vchiu_queue_init]
0x3f5f3de0 = malloc(476)  [VCHIQ service]
0x3f5f3fe0 = malloc(2.0K) [call from 0x3eeb3168]
0x3f5f47e0 = malloc(100)  [call from 0x3eeb3184]
0x3f5f4880 = malloc(4.0K) [GCMD_V]
0x3f5f58a0 = malloc(2.0K) [HAUDVCHI]
0x3f5f60c0 = malloc(36)   [vchiq_shim]
0x3f5f6120 = malloc(256)  [vchiu_queue_init]
0x3f5f6240 = malloc(476)  [VCHIQ service]
0x3f5f6440 = malloc(37K)  [ILCS State]
0x3f5ff740 = malloc(1.0K) [vchiu_queue_init]
0x3f5ffb60 = malloc(476)  [VCHIQ service]
0x3f5ffd60 = malloc(52)   [ILCS_VC_COMMON]
0x3f5ffdc0 = malloc(4.0K) [ILCS_VC]
0x3f600de0 = malloc(3.0K) [call from 0x3ee774c0]
0x3f601a00 = malloc(36)   [vchiq_shim]
0x3f601a60 = malloc(256)  [vchiu_queue_init]
0x3f601b80 = malloc(476)  [VCHIQ service]
0x3f601d80 = malloc(36)   [vchiq_shim]
0x3f601de0 = malloc(256)  [vchiu_queue_init]
0x3f601f00 = malloc(476)  [VCHIQ service]
0x3f602100 = malloc(36)   [vchiq_shim]
0x3f602160 = malloc(256)  [vchiu_queue_init]
0x3f602280 = malloc(476)  [VCHIQ service]
0x3f602480 = malloc(36)   [vchiq_shim]
0x3f6024e0 = malloc(256)  [vchiu_queue_init]
0x3f602600 = malloc(476)  [VCHIQ service]
0x3f602800 = malloc(36)   [vchiq_shim]
0x3f602860 = malloc(256)  [vchiu_queue_init]
0x3f602980 = malloc(476)  [VCHIQ service]
0x3f602b80 = malloc(36)   [vchiq_shim]
0x3f602be0 = malloc(256)  [vchiu_queue_init]
0x3f602d00 = malloc(476)  [VCHIQ service]
0x3f602f00 = malloc(36)   [vchiq_shim]
0x3f602f60 = malloc(256)  [vchiu_queue_init]
0x3f603080 = malloc(476)  [VCHIQ service]
0x3f603280 = malloc(36)   [vchiq_shim]
0x3f6032e0 = malloc(256)  [vchiu_queue_init]
0x3f603400 = malloc(476)  [VCHIQ service]
0x3f603600 = malloc(3.0K) [call from 0x3ee77534]
0x3f604220 = malloc(36)   [vchiq_shim]
0x3f604280 = malloc(256)  [vchiu_queue_init]
0x3f6043a0 = malloc(476)  [VCHIQ service]
0x3f6045a0 = malloc(36)   [vchiq_shim]
0x3f604600 = malloc(256)  [vchiu_queue_init]
0x3f604720 = malloc(476)  [VCHIQ service]
0x3f604920 = malloc(36)   [vchiq_shim]
0x3f604980 = malloc(256)  [vchiu_queue_init]
0x3f604aa0 = malloc(476)  [VCHIQ service]
0x3f604ca0 = malloc(36)   [vchiq_shim]
0x3f604d00 = malloc(256)  [vchiu_queue_init]
0x3f604e20 = malloc(476)  [VCHIQ service]
0x3f605020 = malloc(36)   [vchiq_shim]
0x3f605080 = malloc(256)  [vchiu_queue_init]
0x3f6051a0 = malloc(476)  [VCHIQ service]
0x3f6053a0 = malloc(36)   [vchiq_shim]
0x3f605400 = malloc(256)  [vchiu_queue_init]
0x3f605520 = malloc(476)  [VCHIQ service]
0x3f605720 = malloc(36)   [vchiq_shim]
0x3f605780 = malloc(256)  [vchiu_queue_init]
0x3f6058a0 = malloc(476)  [VCHIQ service]
0x3f605aa0 = malloc(36)   [vchiq_shim]
0x3f605b00 = malloc(256)  [vchiu_queue_init]
0x3f605c20 = malloc(476)  [VCHIQ service]
0x3f605e20 = malloc(60)   [call from 0x3edbcb20]
0x3f605e80 = malloc(16K)  [vchiu_queue_init]
0x3f609ea0 = malloc(476)  [VCHIQ service]
0x3f60a0a0 = malloc(60)   [call from 0x3edbcb20]
0x3f60a100 = malloc(16K)  [vchiu_queue_init]
0x3f60e120 = malloc(476)  [VCHIQ service]
0x3f60e320 = malloc(60)   [call from 0x3edbcb20]
0x3f60e380 = malloc(16K)  [vchiu_queue_init]
0x3f6123a0 = malloc(476)  [VCHIQ service]
0x3f6125a0 = malloc(476)  [VCHIQ service]
0x3f6127a0 = malloc(320K) [KHRN_S]
0x3f6627c0 = malloc(36)   [vchiq_shim]
0x3f662820 = malloc(256)  [vchiu_queue_init]
0x3f662940 = malloc(476)  [VCHIQ service]
0x3f662b40 = malloc(4.0K) [HREQ task]
0x3f663b60 = malloc(620)  [Shared Memory Service]
0x3f663e00 = malloc(4.0K) [sm_thread]
0x3f664e20 = malloc(36)   [vchiq_shim]
0x3f664e80 = malloc(256)  [vchiu_queue_init]
0x3f664fa0 = malloc(476)  [VCHIQ service]
0x3f6651a0 = malloc(36)   [vchiq_shim]
0x3f665200 = malloc(256)  [vchiu_queue_init]
0x3f665320 = malloc(476)  [VCHIQ service]
0x3f665520 = malloc(488)  [Shared Memory Cache Test]
0x3f665740 = malloc(4.0K) [smct_thread]
0x3f666760 = malloc(36)   [vchiq_shim]
0x3f6667c0 = malloc(256)  [vchiu_queue_init]
0x3f6668e0 = malloc(476)  [VCHIQ service]
0x3f666ae0 = malloc(2.1K) [CEA modes table]
0x3f6673a0 = malloc(1.7K) [DMT modes table]
0x3f667aa0 = malloc(4.0K) [call from 0x3ee781a0]
0x3f668ac0 = malloc(36)   [vchiq_shim]
0x3f668b20 = malloc(256)  [vchiu_queue_init]
0x3f668c40 = malloc(476)  [VCHIQ service]
0x3f668e40 = malloc(36)   [vchiq_shim]
0x3f668ea0 = malloc(256)  [vchiu_queue_init]
0x3f668fc0 = malloc(476)  [VCHIQ service]
0x3f6691c0 = malloc(36)   [vchiq_shim]
0x3f669220 = malloc(256)  [vchiu_queue_init]
0x3f669340 = malloc(476)  [VCHIQ service]
0x3f669540 = malloc(36)   [vchiq_shim]
0x3f6695a0 = malloc(256)  [vchiu_queue_init]
0x3f6696c0 = malloc(476)  [VCHIQ service]
0x3f6698c0 = malloc(36)   [vchiq_shim]
0x3f669920 = malloc(256)  [vchiu_queue_init]
0x3f669a40 = malloc(476)  [VCHIQ service]
0x3f669c40 = malloc(36)   [vchiq_shim]
0x3f669ca0 = malloc(256)  [vchiu_queue_init]
0x3f669dc0 = malloc(476)  [VCHIQ service]
0x3f669fc0 = malloc(36)   [vchiq_shim]
0x3f66a020 = malloc(256)  [vchiu_queue_init]
0x3f66a140 = malloc(476)  [VCHIQ service]
0x3f66a340 = malloc(36)   [vchiq_shim]
0x3f66a3a0 = malloc(256)  [vchiu_queue_init]
0x3f66a4c0 = malloc(476)  [VCHIQ service]
0x3f66a6c0 = malloc(4.0K) [call from 0x3ee7821c]
0x3f66b6e0 = malloc(36)   [vchiq_shim]
0x3f66b740 = malloc(256)  [vchiu_queue_init]
0x3f66b860 = malloc(476)  [VCHIQ service]
0x3f66ba60 = malloc(36)   [vchiq_shim]
0x3f66bac0 = malloc(256)  [vchiu_queue_init]
0x3f66bbe0 = malloc(476)  [VCHIQ service]
0x3f66bde0 = malloc(36)   [vchiq_shim]
0x3f66be40 = malloc(256)  [vchiu_queue_init]
0x3f66bf60 = malloc(476)  [VCHIQ service]
0x3f66c160 = malloc(36)   [vchiq_shim]
0x3f66c1c0 = malloc(256)  [vchiu_queue_init]
0x3f66c2e0 = malloc(476)  [VCHIQ service]
0x3f66c4e0 = malloc(36)   [vchiq_shim]
0x3f66c540 = malloc(256)  [vchiu_queue_init]
0x3f66c660 = malloc(476)  [VCHIQ service]
0x3f66c860 = malloc(36)   [vchiq_shim]
0x3f66c8c0 = malloc(256)  [vchiu_queue_init]
0x3f66c9e0 = malloc(476)  [VCHIQ service]
0x3f66cbe0 = malloc(36)   [vchiq_shim]
0x3f66cc40 = malloc(256)  [vchiu_queue_init]
0x3f66cd60 = malloc(476)  [VCHIQ service]
0x3f66cf60 = malloc(36)   [vchiq_shim]
0x3f66cfc0 = malloc(256)  [vchiu_queue_init]
0x3f66d0e0 = malloc(476)  [VCHIQ service]
0x3f66d2e0 = malloc(4.0K) []
0x3f66e300 = malloc(36)   [vchiq_shim]
0x3f66e360 = malloc(256)  [vchiu_queue_init]
0x3f66e480 = malloc(476)  [VCHIQ service]
0x3f66e680 = malloc(36)   [vchiq_shim]
0x3f66e6e0 = malloc(256)  [vchiu_queue_init]
0x3f66e800 = malloc(476)  [VCHIQ service]
0x3f66ea00 = malloc(36)   [vchiq_shim]
0x3f66ea60 = malloc(256)  [vchiu_queue_init]
0x3f66eb80 = malloc(476)  [VCHIQ service]
0x3f66ed80 = malloc(36)   [vchiq_shim]
0x3f66ede0 = malloc(256)  [vchiu_queue_init]
0x3f66ef00 = malloc(476)  [VCHIQ service]
0x3f66f100 = malloc(36)   [vchiq_shim]
0x3f66f160 = malloc(256)  [vchiu_queue_init]
0x3f66f280 = malloc(476)  [VCHIQ service]
0x3f66f480 = malloc(36)   [vchiq_shim]
0x3f66f4e0 = malloc(256)  [vchiu_queue_init]
0x3f66f600 = malloc(476)  [VCHIQ service]
0x3f66f800 = malloc(36)   [vchiq_shim]
0x3f66f860 = malloc(256)  [vchiu_queue_init]
0x3f66f980 = malloc(476)  [VCHIQ service]
0x3f66fb80 = malloc(36)   [vchiq_shim]
0x3f66fbe0 = malloc(256)  [vchiu_queue_init]
0x3f66fd00 = malloc(476)  [VCHIQ service]
0x3f66ff00 = malloc(4.0K) []
0x3f670f20 = malloc(36)   [vchiq_shim]
0x3f670f80 = malloc(256)  [vchiu_queue_init]
0x3f6710a0 = malloc(476)  [VCHIQ service]
0x3f6712a0 = malloc(36)   [vchiq_shim]
0x3f671300 = malloc(256)  [vchiu_queue_init]
0x3f671420 = malloc(476)  [VCHIQ service]
0x3f671620 = malloc(36)   [vchiq_shim]
0x3f671680 = malloc(256)  [vchiu_queue_init]
0x3f6717a0 = malloc(476)  [VCHIQ service]
0x3f6719a0 = malloc(36)   [vchiq_shim]
0x3f671a00 = malloc(256)  [vchiu_queue_init]
0x3f671b20 = malloc(476)  [VCHIQ service]
0x3f671d20 = malloc(36)   [vchiq_shim]
0x3f671d80 = malloc(256)  [vchiu_queue_init]
0x3f671ea0 = malloc(476)  [VCHIQ service]
0x3f6720a0 = malloc(36)   [vchiq_shim]
0x3f672100 = malloc(256)  [vchiu_queue_init]
0x3f672220 = malloc(476)  [VCHIQ service]
0x3f672420 = malloc(36)   [vchiq_shim]
0x3f672480 = malloc(256)  [vchiu_queue_init]
0x3f6725a0 = malloc(476)  [VCHIQ service]
0x3f6727a0 = malloc(36)   [vchiq_shim]
0x3f672800 = malloc(256)  [vchiu_queue_init]
0x3f672920 = malloc(476)  [VCHIQ service]
0x3f672b20 = malloc(36)   [vchiq_shim]
0x3f672b80 = malloc(256)  [vchiu_queue_init]
0x3f672ca0 = malloc(476)  [VCHIQ service]
0x3f672ea0 = malloc(36)   [vchiq_shim]
0x3f672f00 = malloc(256)  [vchiu_queue_init]
0x3f673020 = malloc(476)  [VCHIQ service]
0x3f673220 = malloc(36)   [vchiq_shim]
0x3f673280 = malloc(256)  [vchiu_queue_init]
0x3f6733a0 = malloc(476)  [VCHIQ service]
0x3f6735a0 = malloc(36)   [vchiq_shim]
0x3f673600 = malloc(256)  [vchiu_queue_init]
0x3f673720 = malloc(476)  [VCHIQ service]
0x3f673920 = malloc(36)   [vchiq_shim]
0x3f673980 = malloc(256)  [vchiu_queue_init]
0x3f673aa0 = malloc(476)  [VCHIQ service]
0x3f673ca0 = malloc(36)   [vchiq_shim]
0x3f673d00 = malloc(256)  [vchiu_queue_init]
0x3f673e20 = malloc(476)  [VCHIQ service]
0x3f674020 = malloc(36)   [vchiq_shim]
0x3f674080 = malloc(256)  [vchiu_queue_init]
0x3f6741a0 = malloc(476)  [VCHIQ service]
0x3f6743a0 = malloc(36)   [vchiq_shim]
0x3f674400 = malloc(256)  [vchiu_queue_init]
0x3f674520 = malloc(476)  [VCHIQ service]
0x3f674720 = malloc(476)  [VCHIQ service]
0x3f674920 = malloc(476)  [VCHIQ service]
0x3f674b20 = malloc(476)  [VCHIQ service]
0x3f674d20 = malloc(476)  [VCHIQ service]
0x3f674f20 = malloc(476)  [VCHIQ service]
0x3f675120 = malloc(476)  [VCHIQ service]
0x3f675320 = malloc(476)  [VCHIQ service]
0x3f675520 = malloc(476)  [VCHIQ service]
0x3f675720 = malloc(476)  [VCHIQ service]
0x3f675920 = malloc(476)  [VCHIQ service]
0x3f675b20 = malloc(476)  [VCHIQ service]
0x3f675d20 = malloc(4.0K) [stack]
0x3f676d40 = malloc(32)   [GPU queue]
0x3f676d80 = malloc(4.0K) [stack]
0x3f677da0 = malloc(32)   [GPU queue]
0x3f677de0 = malloc(4.0K) [stack]
0x3f678e00 = malloc(4.3K) [mmal debug log]
0x3f679f40 = malloc(16K)  [mmal_host_log]
0x3f67df80 = malloc(512)  [vchiu_queue_init]
0x3f67e1a0 = malloc(476)  [VCHIQ service]
0x3f67e3a0 = malloc(40)   [call from 0x3edd296a]
0x3f67e400 = malloc(40)   [call from 0x3edd296a]
0x3f67e460 = malloc(40)   [call from 0x3edd296a]
0x3f67e4c0 = malloc(40)   [call from 0x3edd296a]
0x3f67e520 = malloc(40)   [call from 0x3edd296a]
0x3f67e580 = malloc(40)   [call from 0x3edd296a]
0x3f67e5e0 = malloc(40)   [call from 0x3edd296a]
0x3f67e640 = malloc(40)   [call from 0x3edd296a]
0x3f67e6a0 = malloc(40)   [call from 0x3edd296a]
0x3f67e700 = malloc(40)   [call from 0x3edd296a]
0x3f67e760 = malloc(40)   [call from 0x3edd296a]
0x3f67e7c0 = malloc(40)   [call from 0x3edd296a]
0x3f67e820 = malloc(40)   [call from 0x3edd296a]
0x3f67e880 = malloc(40)   [call from 0x3edd296a]
0x3f67e8e0 = malloc(40)   [call from 0x3edd296a]
0x3f67e940 = malloc(40)   [call from 0x3edd296a]
0x3f67e9a0 = malloc(40)   [call from 0x3edd296a]
0x3f67ea00 = malloc(40)   [call from 0x3edd296a]
0x3f67ea60 = malloc(256)  [mmal msg queue mem]
0x3f67eb80 = malloc(4.0K) [mmal msg queue ]
0x3f67fba0 = malloc(4.0K) [mmal msg queue ]
0x3f680bc0 = malloc(4.0K) [mmal worker]
0x3f681be0 = malloc(476)  [VCHIQ service]
0x3f681de0 = malloc(4.0K) [vc watchdog]
0x3f682e00 = malloc(476)  [VCHIQ service]
0x3f683000 = malloc(476)  [VCHIQ service]
0x3f683200 = malloc(476)  [VCHIQ service]
0x3f683400 = malloc(535)  [mmal component]
0x3f683640 = malloc(256)  [mmal port]
0x3f683760 = malloc(120)  [mmal format]
0x3f683800 = malloc(24)   [mmal ril module]
0x3f683840 = malloc(12)   [mmal ports]
0x3f683880 = malloc(120)  [mmal format]
0x3f683920 = malloc(120)  [mmal format]
0x3f6839c0 = malloc(120)  [mmal format]
0x3f683a60 = malloc(4)    [mmal ports]
0x3f683aa0 = malloc(276)  [mmal port]
0x3f683be0 = malloc(120)  [mmal format]
0x3f683c80 = malloc(28)   [MMAL queue]
0x3f683cc0 = malloc(28)   [MMAL queue]
0x3f683d00 = malloc(28)   [MMAL queue]
0x3f683d40 = malloc(28)   [MMAL queue]
0x3f683d80 = malloc(28)   [MMAL queue]
0x3f683dc0 = malloc(48)   [MMAL pool]
0x3f683e20 = malloc(20)   [mmal ports]
0x3f683e60 = malloc(541)  [mmal component]
0x3f6840a0 = malloc(532)  [mmal component]
0x3f6842e0 = malloc(253)  [mmal port]
0x3f684400 = malloc(120)  [mmal format]
0x3f6844a0 = malloc(24)   [mmal ril module]
0x3f6844e0 = malloc(87K)  [call from 0x3ed8fbcc]
0x3f69a0e0 = malloc(4)    [mmal ports]
0x3f69a120 = malloc(3.8K) [mmal port]
0x3f69b080 = malloc(120)  [mmal format]
0x3f69b120 = malloc(12)   [mmal ports]
0x3f69b160 = malloc(3.8K) [mmal port]
0x3f69c0c0 = malloc(120)  [mmal format]
0x3f69c160 = malloc(3.8K) [mmal port]
0x3f69d0c0 = malloc(120)  [mmal format]
0x3f69d160 = malloc(3.8K) [mmal port]
0x3f69e0c0 = malloc(120)  [mmal format]
0x3f69e160 = malloc(28)   [MMAL queue]
0x3f69e1a0 = malloc(28)   [MMAL queue]
0x3f69e1e0 = malloc(28)   [MMAL queue]
0x3f69e220 = malloc(28)   [MMAL queue]
0x3f69e260 = malloc(28)   [MMAL queue]
0x3f69e2a0 = malloc(48)   [MMAL pool]
0x3f69e300 = malloc(2.3K) [MMAL buffer headers]
0x3f69ec80 = malloc(740)  [mmal_pool payload]
0x3f69efa0 = malloc(740)  [mmal_pool payload]
0x3f69f2c0 = malloc(740)  [mmal_pool payload]
0x3f69f5e0 = malloc(740)  [mmal_pool payload]
0x3f69f900 = malloc(740)  [mmal_pool payload]
0x3f69fc20 = malloc(20)   [mmal ports]
0x3f69fc60 = malloc(476)  [VCHIQ service]
0x3f69fe60 = malloc(262)  [mmal port]
0x3f69ffa0 = malloc(120)  [mmal format]
0x3f6a0040 = malloc(24)   [mmal ril module]
0x3f6a0080 = malloc(4.9K) [call from 0x3eeb16f6]
0x3f6a1460 = malloc(4)    [mmal ports]
0x3f6a14a0 = malloc(3.8K) [mmal port]
0x3f6a2400 = malloc(120)  [mmal format]
0x3f6a24a0 = malloc(28)   [MMAL queue]
0x3f6a24e0 = malloc(28)   [MMAL queue]
0x3f6a2520 = malloc(48)   [MMAL pool]
0x3f6a2580 = malloc(1.9K) [MMAL buffer headers]
0x3f6a2d20 = malloc(740)  [mmal_pool payload]
0x3f6a3040 = malloc(740)  [mmal_pool payload]
0x3f6a3360 = malloc(740)  [mmal_pool payload]
0x3f6a3680 = malloc(740)  [mmal_pool payload]
0x3f6a39a0 = malloc(8)    [mmal ports]
0x3f6a39e0 = malloc(541)  [mmal component]
0x3f6a3c20 = malloc(262)  [mmal port]
0x3f6a3d60 = malloc(120)  [mmal format]
0x3f6a3e00 = malloc(24)   [mmal ril module]
0x3f6a3e40 = malloc(4)    [mmal ports]
0x3f6a3e80 = malloc(3.8K) [mmal port]
0x3f6a4de0 = malloc(120)  [mmal format]
0x3f6a4e80 = malloc(4)    [mmal ports]
0x3f6a4ec0 = malloc(3.8K) [mmal port]
0x3f6a5e20 = malloc(120)  [mmal format]
0x3f6a5ec0 = malloc(28)   [MMAL queue]
0x3f6a5f00 = malloc(28)   [MMAL queue]
0x3f6a5f40 = malloc(28)   [MMAL queue]
0x3f6a5f80 = malloc(48)   [MMAL pool]
0x3f6a5fe0 = malloc(1.9K) [MMAL buffer headers]
0x3f6a6780 = malloc(740)  [mmal_pool payload]
0x3f6a6aa0 = malloc(740)  [mmal_pool payload]
0x3f6a6dc0 = malloc(740)  [mmal_pool payload]
0x3f6a70e0 = malloc(740)  [mmal_pool payload]
0x3f6a7400 = malloc(12)   [mmal ports]
0x3f6a7440 = malloc(476)  [VCHIQ service]
0x3f6a7640 = malloc(541)  [mmal component]
0x3f6a7880 = malloc(262)  [mmal port]
0x3f6a79c0 = malloc(120)  [mmal format]
0x3f6a7a60 = malloc(24)   [mmal ril module]
0x3f6a7aa0 = malloc(4.0K) [veHISR]
0x3f6a8ac0 = malloc(4)    [mmal ports]
0x3f6a8b00 = malloc(120)  [mmal format]
0x3f6a8ba0 = malloc(4)    [mmal ports]
0x3f6a8be0 = malloc(120)  [mmal format]
0x3f6a8c80 = malloc(28)   [MMAL queue]
0x3f6a8cc0 = malloc(28)   [MMAL queue]
0x3f6a8d00 = malloc(28)   [MMAL queue]
0x3f6a8d40 = malloc(48)   [MMAL pool]
0x3f6a8da0 = malloc(740)  [mmal_pool payload]
0x3f6a90c0 = malloc(12)   [mmal ports]
0x3f6a9100 = malloc(476)  [VCHIQ service]
0x3f6a9300 = malloc(120)  [mmal format]
0x3f6a93a0 = malloc(17K)  [call from 0x3ec9faee]
0x3f6ad680 = malloc(3.8K) [mmal port]
0x3f6ae5e0 = malloc(3.8K) [mmal port]
0x3f6af540 = malloc(3.8K) [mmal port]
0x3f6b04a0 = malloc(1.7K) [mmal-clock]
0x3f6b0ba0 = malloc(1.9K) [MMAL buffer headers]
0x3f6b1340 = malloc(740)  [mmal_pool payload]
0x3f6b1660 = malloc(740)  [mmal_pool payload]
0x3f6b1980 = malloc(740)  [mmal_pool payload]
0x3f6b1ca0 = malloc(740)  [mmal_pool payload]
0x3f6b1fc0 = malloc(71K)  [ILImageEncode]
0x3f6c3ce0 = malloc(29K)  [call from 0x3eeb0ae2]
0x3f6cafe0 = malloc(3.8K) [mmal port]
0x3f6cbf40 = malloc(3.8K) [mmal port]
0x3f6ccea0 = malloc(1.9K) [MMAL buffer headers]
0x3f6cd640 = malloc(740)  [mmal_pool payload]
0x3f6cd960 = malloc(740)  [mmal_pool payload]
0x3f6cdc80 = malloc(740)  [mmal_pool payload]
0x3f6cdfa0 = malloc(476)  [VCHIQ service]
0x3f6ce1a0 = malloc(535)  [mmal component]
0x3f6ce3e0 = malloc(256)  [mmal port]
0x3f6ce500 = malloc(24)   [mmal ril module]
0x3f6ce540 = malloc(17K)  [call from 0x3ec9faee]
0x3f6d2820 = malloc(12)   [mmal ports]
0x3f6d2860 = malloc(3.8K) [mmal port]
0x3f6d37c0 = malloc(120)  [mmal format]
0x3f6d3860 = malloc(3.8K) [mmal port]
0x3f6d47c0 = malloc(120)  [mmal format]
0x3f6d4860 = malloc(3.8K) [mmal port]
0x3f6d57c0 = malloc(120)  [mmal format]
0x3f6d5860 = malloc(4)    [mmal ports]
0x3f6d58a0 = malloc(276)  [mmal port]
0x3f6d59e0 = malloc(120)  [mmal format]
0x3f6d5a80 = malloc(1.7K) [mmal-clock]
0x3f6d6180 = malloc(28)   [MMAL queue]
0x3f6d61c0 = malloc(28)   [MMAL queue]
0x3f6d6200 = malloc(28)   [MMAL queue]
0x3f6d6240 = malloc(28)   [MMAL queue]
0x3f6d6280 = malloc(28)   [MMAL queue]
0x3f6d62c0 = malloc(48)   [MMAL pool]
0x3f6d6320 = malloc(1.9K) [MMAL buffer headers]
0x3f6d6ac0 = malloc(740)  [mmal_pool payload]
0x3f6d6de0 = malloc(740)  [mmal_pool payload]
0x3f6d7100 = malloc(740)  [mmal_pool payload]
0x3f6d7420 = malloc(740)  [mmal_pool payload]
0x3f6d7740 = malloc(20)   [mmal ports]
0x3f6d7780 = malloc(541)  [mmal component]
0x3f6d79c0 = malloc(262)  [mmal port]
0x3f6d7b00 = malloc(120)  [mmal format]
0x3f6d7ba0 = malloc(24)   [mmal ril module]
0x3f6d7be0 = malloc(4.9K) [call from 0x3eeb16f6]
0x3f6d8fc0 = malloc(4)    [mmal ports]
0x3f6d9000 = malloc(3.8K) [mmal port]
0x3f6d9f60 = malloc(120)  [mmal format]
0x3f6da000 = malloc(28)   [MMAL queue]
0x3f6da040 = malloc(28)   [MMAL queue]
0x3f6da080 = malloc(48)   [MMAL pool]
0x3f6da0e0 = malloc(1.9K) [MMAL buffer headers]
0x3f6da880 = malloc(740)  [mmal_pool payload]
0x3f6daba0 = malloc(740)  [mmal_pool payload]
0x3f6daec0 = malloc(740)  [mmal_pool payload]
0x3f6db1e0 = malloc(740)  [mmal_pool payload]
0x3f6db500 = malloc(8)    [mmal ports]
0x3f6db540 = malloc(541)  [mmal component]
0x3f6db780 = malloc(262)  [mmal port]
0x3f6db8c0 = malloc(120)  [mmal format]
0x3f6db960 = malloc(24)   [mmal ril module]
0x3f6db9a0 = malloc(71K)  [ILImageEncode]
0x3f6ed6c0 = malloc(4)    [mmal ports]
0x3f6ed700 = malloc(3.8K) [mmal port]
0x3f6ee660 = malloc(120)  [mmal format]
0x3f6ee700 = malloc(4)    [mmal ports]
0x3f6ee740 = malloc(3.8K) [mmal port]
0x3f6ef6a0 = malloc(120)  [mmal format]
0x3f6ef740 = malloc(28)   [MMAL queue]
0x3f6ef780 = malloc(28)   [MMAL queue]
0x3f6ef7c0 = malloc(28)   [MMAL queue]
0x3f6ef800 = malloc(48)   [MMAL pool]
0x3f6ef860 = malloc(1.9K) [MMAL buffer headers]
0x3f6f0000 = malloc(740)  [mmal_pool payload]
0x3f6f0320 = malloc(740)  [mmal_pool payload]
0x3f6f0640 = malloc(740)  [mmal_pool payload]
0x3f6f0960 = malloc(740)  [mmal_pool payload]
0x3f6f0c80 = malloc(12)   [mmal ports]
0x3f6f0cc0 = malloc(541)  [mmal component]
0x3f6f0f00 = malloc(262)  [mmal port]
0x3f6f1040 = malloc(120)  [mmal format]
0x3f6f10e0 = malloc(24)   [mmal ril module]
0x3f6f1120 = malloc(29K)  [call from 0x3eeb0ae2]
0x3f6f8420 = malloc(4)    [mmal ports]
0x3f6f8460 = malloc(3.8K) [mmal port]
0x3f6f93c0 = malloc(120)  [mmal format]
0x3f6f9460 = malloc(4)    [mmal ports]
0x3f6f94a0 = malloc(3.8K) [mmal port]
0x3f6fa400 = malloc(120)  [mmal format]
0x3f6fa4a0 = malloc(28)   [MMAL queue]
0x3f6fa4e0 = malloc(28)   [MMAL queue]
0x3f6fa520 = malloc(28)   [MMAL queue]
0x3f6fa560 = malloc(48)   [MMAL pool]
0x3f6fa5c0 = malloc(1.9K) [MMAL buffer headers]
0x3f6fad60 = malloc(740)  [mmal_pool payload]
0x3f6fb080 = malloc(740)  [mmal_pool payload]
0x3f6fb3a0 = malloc(740)  [mmal_pool payload]
0x3f6fb6c0 = malloc(740)  [mmal_pool payload]
0x3f6fb9e0 = malloc(12)   [mmal ports]
0x3f6fba10 = hole(8.5M)
Malloced:2.4M Remaining:8.5M Failed allocs:0

Relocatable heap version 4 found at 0x38000000
total space allocated is 108M, with 108M relocatable, 0 legacy and 0 offline
0 legacy blocks of size 2359296

free list at 0x3ebffda0
100M free memory in 2 free block(s)
largest free block is 100M bytes

0x38000000: free 100M
[   4] 0x3e3f70e0: used 8.0M (refcount 1 lock count 8, size  8355840, align 4096, data 0x3e3f8000, d1rual) 'ARM FB'
[   2] 0x3ebf0100: used  16K (refcount 1 lock count 0, size    16384, align   32, data 0x3ebf0120, d0ruAl) 'audioplus_tmp_buf'
[   1] 0x3ebf4140: used 4.0K (refcount 1 lock count 0, size        0, align 4096, data 0x3ebf5000, d1rual) 'camera fast alloc arena'
[   3] 0x3ebf5160: used  41K (refcount 1 lock count 0, size    42266, align    1, data 0x3ebf5180, d0rual) 'dt_blob'
0x3ebff6c0: free 1.8K
[   5] 0x3ebffdc0: used  576 (refcount 1 lock count 0, size      512, align    4, data 0x3ebffde0, d0rual) 'ILCS VC buffer pool'
small allocs not requested
could not get cp_isp_debug address
